// Jest Snapshot v1, https://goo.gl/fbAQLP

exports[`App component renders App 1`] = `
<DocumentFragment>
  <p />
  <form>
    <button
      type="submit"
    >
      Get Quote
    </button>
  </form>
</DocumentFragment>
`;
